<html>
<body>
<pre>
<h1>µVision Build Log</h1>
<h2>Project:</h2>
C:\Users\gavin\git\Equinox-Clock\USB bootloader for LPCmini\bootloader.uvproj
Project File Date:  07/20/2012

<h2>Output:</h2>
Build target 'Bootloader LPC1700'
compiling core_cm3.c...
compiling system_LPC17xx.c...
assembling startup_LPC17xx.s...
compiling DiskImg.c...
compiling mscuser.c...
compiling usbcore.c...
usb\usbcore.c(320): warning: C3017W: alt may be used before being set
usb\usbcore.c(402): warning: C3017W: msk may be used before being set
usb\usbcore.c(402): warning: C3017W: old may be used before being set
usb\usbcore.c(402): warning: C3017W: alt may be used before being set
usb\usbcore.c(402): warning: C3017W: ifn may be used before being set
compiling usbdesc.c...
compiling usbhw.c...
compiling usbuser.c...
compiling sbl_iap.c...
iap\sbl_iap.c(228): warning:  #223-D: function "RTC_ReadGPREG" declared implicitly
compiling memory.c...
linking...
.\obj\bootloader.axf: Error: L6218E: Undefined symbol RTC_ReadGPREG (referred from sbl_iap.o).
Target not created
compiling sbl_iap.c...
iap\sbl_iap.c(19): error:  #5: cannot open source input file "lpc17xx_rtc.h": No such file or directory
iap\sbl_iap.c - 1 Error(s), 0 Warning(s).
Build target 'Bootloader LPC1700'
compiling sbl_iap.c...
iap\sbl_iap.c(19): error:  #5: cannot open source input file "lpc17xx_rtc.h": No such file or directory
Target not created
Build target 'Bootloader LPC1700'
compiling sbl_iap.c...
iap\lpc17xx_rtc.h(38): error:  #5: cannot open source input file "lpc_types.h": No such file or directory
Target not created
Build target 'Bootloader LPC1700'
compiling sbl_iap.c...
linking...
.\obj\bootloader.axf: Error: L6218E: Undefined symbol RTC_ReadGPREG (referred from sbl_iap.o).
Target not created
Build target 'Bootloader LPC1700'
linking...
.\obj\bootloader.axf: Error: L6218E: Undefined symbol RTC_ReadGPREG (referred from sbl_iap.o).
Target not created
Build target 'Bootloader LPC1700'
compiling sbl_iap.c...
linking...
.\obj\bootloader.axf: Error: L6218E: Undefined symbol RTC_ReadGPREG (referred from sbl_iap.o).
Target not created
Build target 'Bootloader LPC1700'
linking...
.\obj\bootloader.axf: Error: L6218E: Undefined symbol RTC_ReadGPREG (referred from sbl_iap.o).
Target not created
Rebuild target 'Bootloader LPC1700'
compiling core_cm3.c...
compiling system_LPC17xx.c...
assembling startup_LPC17xx.s...
compiling DiskImg.c...
compiling mscuser.c...
compiling usbcore.c...
usb\usbcore.c(320): warning: C3017W: alt may be used before being set
usb\usbcore.c(402): warning: C3017W: msk may be used before being set
usb\usbcore.c(402): warning: C3017W: old may be used before being set
usb\usbcore.c(402): warning: C3017W: alt may be used before being set
usb\usbcore.c(402): warning: C3017W: ifn may be used before being set
compiling usbdesc.c...
compiling usbhw.c...
compiling usbuser.c...
compiling sbl_iap.c...
compiling memory.c...
linking...
.\obj\bootloader.axf: Error: L6218E: Undefined symbol RTC_ReadGPREG (referred from sbl_iap.o).
Target not created
Rebuild target 'Bootloader LPC1700'
compiling core_cm3.c...
compiling system_LPC17xx.c...
assembling startup_LPC17xx.s...
compiling DiskImg.c...
compiling mscuser.c...
compiling usbcore.c...
usb\usbcore.c(320): warning: C3017W: alt may be used before being set
usb\usbcore.c(402): warning: C3017W: msk may be used before being set
usb\usbcore.c(402): warning: C3017W: old may be used before being set
usb\usbcore.c(402): warning: C3017W: alt may be used before being set
usb\usbcore.c(402): warning: C3017W: ifn may be used before being set
compiling usbdesc.c...
compiling usbhw.c...
compiling usbuser.c...
compiling sbl_iap.c...
compiling memory.c...
linking...
.\obj\bootloader.axf: Error: L6218E: Undefined symbol RTC_ReadGPREG (referred from sbl_iap.o).
Target not created
Build target 'Bootloader LPC1700'
compiling lpc17xx_rtc.c...
iap\lpc17xx_rtc.c(34): error:  #5: cannot open source input file "lpc17xx_clkpwr.h": No such file or directory
Target not created
Build target 'Bootloader LPC1700'
compiling sbl_iap.c...
iap\sbl_iap.c(228): error:  #20: identifier "LPC_PMU" is undefined
Target not created
Build target 'Bootloader LPC1700'
compiling sbl_iap.c...
iap\sbl_iap.c(228): error:  #18: expected a ")"
Target not created
Build target 'Bootloader LPC1700'
compiling sbl_iap.c...
iap\sbl_iap.c(228): error:  #18: expected a ")"
Target not created
Build target 'Bootloader LPC1700'
compiling sbl_iap.c...
linking...
Program Size: Code=5990 RO-data=822 RW-data=96 ZI-data=2680  
FromELF: creating hex file...
".\obj\bootloader.axf" - 0 Error(s), 0 Warning(s).
Build target 'Bootloader LPC1700'
compiling sbl_iap.c...
linking...
Program Size: Code=5994 RO-data=822 RW-data=96 ZI-data=2680  
FromELF: creating hex file...
".\obj\bootloader.axf" - 0 Error(s), 0 Warning(s).
Build target 'Bootloader LPC1700'
compiling core_cm3.c...
compiling system_LPC17xx.c...
assembling startup_LPC17xx.s...
compiling DiskImg.c...
compiling mscuser.c...
compiling usbcore.c...
usb\usbcore.c(320): warning: C3017W: alt may be used before being set
usb\usbcore.c(402): warning: C3017W: msk may be used before being set
usb\usbcore.c(402): warning: C3017W: old may be used before being set
usb\usbcore.c(402): warning: C3017W: alt may be used before being set
usb\usbcore.c(402): warning: C3017W: ifn may be used before being set
compiling usbdesc.c...
compiling usbhw.c...
compiling usbuser.c...
compiling sbl_iap.c...
compiling memory.c...
linking...
Program Size: Code=5994 RO-data=822 RW-data=96 ZI-data=2680  
FromELF: creating hex file...
".\obj\bootloader.axf" - 0 Error(s), 5 Warning(s).
