<html>
<body>
<pre>
<h1>µVision Build Log</h1>
<h2>Project:</h2>
C:\Users\gavin\git\Equinox-Clock\LPC1700 Secondary USB bootloader for LPCmini\bootloader.uvproj
Project File Date:  07/02/2012

<h2>Output:</h2>
Rebuild target 'Bootloader LPC1700'
compiling core_cm3.c...
compiling system_LPC17xx.c...
assembling startup_LPC17xx.s...
compiling DiskImg.c...
compiling mscuser.c...
compiling usbcore.c...
usb\usbcore.c(320): warning: C3017W: alt may be used before being set
usb\usbcore.c(402): warning: C3017W: msk may be used before being set
usb\usbcore.c(402): warning: C3017W: old may be used before being set
usb\usbcore.c(402): warning: C3017W: alt may be used before being set
usb\usbcore.c(402): warning: C3017W: ifn may be used before being set
compiling usbdesc.c...
compiling usbhw.c...
compiling usbuser.c...
compiling sbl_iap.c...
compiling memory.c...
linking...
Program Size: Code=5938 RO-data=822 RW-data=96 ZI-data=2680  
FromELF: creating hex file...
".\obj\bootloader.axf" - 0 Error(s), 5 Warning(s).
Rebuild target 'Bootloader LPC1700'
compiling core_cm3.c...
compiling system_LPC17xx.c...
assembling startup_LPC17xx.s...
compiling DiskImg.c...
compiling mscuser.c...
compiling usbcore.c...
usb\usbcore.c(320): warning: C3017W: alt may be used before being set
usb\usbcore.c(402): warning: C3017W: msk may be used before being set
usb\usbcore.c(402): warning: C3017W: old may be used before being set
usb\usbcore.c(402): warning: C3017W: alt may be used before being set
usb\usbcore.c(402): warning: C3017W: ifn may be used before being set
compiling usbdesc.c...
compiling usbhw.c...
compiling usbuser.c...
compiling sbl_iap.c...
compiling memory.c...
linking...
Program Size: Code=5958 RO-data=822 RW-data=96 ZI-data=2680  
FromELF: creating hex file...
".\obj\bootloader.axf" - 0 Error(s), 5 Warning(s).
Rebuild target 'Bootloader LPC1700'
compiling core_cm3.c...
compiling system_LPC17xx.c...
assembling startup_LPC17xx.s...
compiling DiskImg.c...
compiling mscuser.c...
compiling usbcore.c...
usb\usbcore.c(320): warning: C3017W: alt may be used before being set
usb\usbcore.c(402): warning: C3017W: msk may be used before being set
usb\usbcore.c(402): warning: C3017W: old may be used before being set
usb\usbcore.c(402): warning: C3017W: alt may be used before being set
usb\usbcore.c(402): warning: C3017W: ifn may be used before being set
compiling usbdesc.c...
compiling usbhw.c...
compiling usbuser.c...
compiling sbl_iap.c...
compiling memory.c...
linking...
Program Size: Code=5958 RO-data=822 RW-data=96 ZI-data=2680  
FromELF: creating hex file...
".\obj\bootloader.axf" - 0 Error(s), 5 Warning(s).
Rebuild target 'Bootloader LPC1700'
compiling core_cm3.c...
compiling system_LPC17xx.c...
assembling startup_LPC17xx.s...
compiling DiskImg.c...
compiling mscuser.c...
compiling usbcore.c...
usb\usbcore.c(320): warning: C3017W: alt may be used before being set
usb\usbcore.c(402): warning: C3017W: msk may be used before being set
usb\usbcore.c(402): warning: C3017W: old may be used before being set
usb\usbcore.c(402): warning: C3017W: alt may be used before being set
usb\usbcore.c(402): warning: C3017W: ifn may be used before being set
compiling usbdesc.c...
compiling usbhw.c...
compiling usbuser.c...
compiling sbl_iap.c...
compiling memory.c...
linking...
Program Size: Code=5958 RO-data=822 RW-data=96 ZI-data=2680  
FromELF: creating hex file...
".\obj\bootloader.axf" - 0 Error(s), 5 Warning(s).
Rebuild target 'Bootloader LPC1700'
compiling core_cm3.c...
compiling system_LPC17xx.c...
assembling startup_LPC17xx.s...
compiling DiskImg.c...
compiling mscuser.c...
compiling usbcore.c...
usb\usbcore.c(320): warning: C3017W: alt may be used before being set
usb\usbcore.c(402): warning: C3017W: msk may be used before being set
usb\usbcore.c(402): warning: C3017W: old may be used before being set
usb\usbcore.c(402): warning: C3017W: alt may be used before being set
usb\usbcore.c(402): warning: C3017W: ifn may be used before being set
compiling usbdesc.c...
compiling usbhw.c...
compiling usbuser.c...
compiling sbl_iap.c...
compiling memory.c...
linking...
Program Size: Code=5974 RO-data=822 RW-data=96 ZI-data=2680  
FromELF: creating hex file...
".\obj\bootloader.axf" - 0 Error(s), 5 Warning(s).
